../Core/Src/main.c:173:6:Get_Sensor_Readings	16	static
../Core/Src/main.c:197:1:HAL_GPIO_EXTI_Callback	16	static
../Core/Src/main.c:220:7:vec_magnitude	16	static
../Core/Src/main.c:227:6:Sensors_Init	8	static
../Core/Src/main.c:236:6:Sensors_Calibrate	16	static
../Core/Src/main.c:249:5:main	1232	static
../Core/Src/main.c:443:6:Switch_Mode	144	static
../Core/Src/main.c:460:6:Print_Sensor_Data	240	static
../Core/Src/main.c:470:13:UART1_Init	32	static
../Core/Src/main.c:497:13:MX_GPIO_Init	32	static
../Core/Src/main.c:512:6:SPI3_IRQHandler	8	static
