../Core/Src/stm32l4xx_it.c:9:6:NMI_Handler	4	static
../Core/Src/stm32l4xx_it.c:14:6:HardFault_Handler	4	static
../Core/Src/stm32l4xx_it.c:21:6:MemManage_Handler	4	static
../Core/Src/stm32l4xx_it.c:28:6:BusFault_Handler	4	static
../Core/Src/stm32l4xx_it.c:35:6:UsageFault_Handler	4	static
../Core/Src/stm32l4xx_it.c:42:6:SVC_Handler	4	static
../Core/Src/stm32l4xx_it.c:46:6:DebugMon_Handler	4	static
../Core/Src/stm32l4xx_it.c:50:6:PendSV_Handler	4	static
../Core/Src/stm32l4xx_it.c:54:6:SysTick_Handler	8	static
../Core/Src/stm32l4xx_it.c:66:6:EXTI0_IRQHandler	8	static
../Core/Src/stm32l4xx_it.c:77:6:EXTI1_IRQHandler	8	static
../Core/Src/stm32l4xx_it.c:88:6:EXTI2_IRQHandler	8	static
../Core/Src/stm32l4xx_it.c:99:6:EXTI3_IRQHandler	8	static
../Core/Src/stm32l4xx_it.c:110:6:EXTI4_IRQHandler	8	static
../Core/Src/stm32l4xx_it.c:122:6:EXTI9_5_IRQHandler	8	static
../Core/Src/stm32l4xx_it.c:139:6:EXTI15_10_IRQHandler	8	static
