21:23:01 **** Incremental Build of configuration Debug for project demo_exti_print ****
make -j12 all 
arm-none-eabi-gcc "../Core/Src/main.c" -mcpu=cortex-m4 -std=gnu11 -g3 -DUSE_HAL_DRIVER -DDEBUG -DSTM32L475xx -c -I../Drivers/CMSIS/Include -I../Core/Inc -I../Drivers/CMSIS/Device/ST/STM32L4xx/Include -I../Drivers/STM32L4xx_HAL_Driver/Inc -I../Drivers/STM32L4xx_HAL_Driver/Inc/Legacy -O0 -ffunction-sections -fdata-sections -Wall -fstack-usage -fcyclomatic-complexity -MMD -MP -MF"Core/Src/main.d" -MT"Core/Src/main.o" --specs=nano.specs -mfpu=fpv4-sp-d16 -mfloat-abi=hard -mthumb -o "Core/Src/main.o"
../Core/Src/main.c:29:1: warning: return type defaults to 'int' [-Wimplicit-int]
   29 | HAL_GPIO_EXTI_Callback(uint16_t GPIO_Pin)
      | ^~~~~~~~~~~~~~~~~~~~~~
../Core/Src/main.c:29:1: warning: conflicting types for 'HAL_GPIO_EXTI_Callback'
In file included from ../Core/Inc/stm32l4xx_hal_conf.h:235,
                 from ../Drivers/STM32L4xx_HAL_Driver/Inc/stm32l4xx_hal.h:30,
                 from ../Core/Inc/main.h:31,
                 from ../Core/Src/main.c:21:
../Drivers/STM32L4xx_HAL_Driver/Inc/stm32l4xx_hal_gpio.h:276:19: note: previous declaration of 'HAL_GPIO_EXTI_Callback' with type 'void(uint16_t)' {aka 'void(short unsigned int)'}
  276 | void              HAL_GPIO_EXTI_Callback(uint16_t GPIO_Pin);
      |                   ^~~~~~~~~~~~~~~~~~~~~~
../Core/Src/main.c: In function 'HAL_GPIO_EXTI_Callback':
../Core/Src/main.c:33:17: warning: implicit declaration of function 'printf' [-Wimplicit-function-declaration]
   33 |                 printf("\t Blue button is pressed. \n");
      |                 ^~~~~~
../Core/Src/main.c:23:1: note: include '<stdio.h>' or provide a declaration of 'printf'
   22 | #include <sys/types.h>
  +++ |+#include <stdio.h>
   23 | 
../Core/Src/main.c:33:17: warning: incompatible implicit declaration of built-in function 'printf' [-Wbuiltin-declaration-mismatch]
   33 |                 printf("\t Blue button is pressed. \n");
      |                 ^~~~~~
../Core/Src/main.c:33:17: note: include '<stdio.h>' or provide a declaration of 'printf'
../Core/Src/main.c: In function 'main':
../Core/Src/main.c:45:17: warning: incompatible implicit declaration of built-in function 'printf' [-Wbuiltin-declaration-mismatch]
   45 |                 printf("P\n");
      |                 ^~~~~~
../Core/Src/main.c:45:17: note: include '<stdio.h>' or provide a declaration of 'printf'
arm-none-eabi-gcc -o "demo_exti_print.elf" @"objects.list"  -lrdimon -mcpu=cortex-m4 -T"C:\Users\anaka\Desktop\NUS\courses\EE\2028\Lab 4\demo_exti_print\STM32L475VGTX_FLASH.ld" --specs=nosys.specs -Wl,-Map="demo_exti_print.map" -Wl,--gc-sections -static -specs=rdimon.specs --specs=nano.specs -mfpu=fpv4-sp-d16 -mfloat-abi=hard -mthumb -Wl,--start-group -lc -lm -Wl,--end-group
C:/ST/STM32CubeIDE_1.13.1/STM32CubeIDE/plugins/com.st.stm32cube.ide.mcu.externaltools.gnu-tools-for-stm32.11.3.rel1.win32_1.1.0.202305231506/tools/bin/../lib/gcc/arm-none-eabi/11.3.1/../../../../arm-none-eabi/bin/ld.exe: C:/ST/STM32CubeIDE_1.13.1/STM32CubeIDE/plugins/com.st.stm32cube.ide.mcu.externaltools.gnu-tools-for-stm32.11.3.rel1.win32_1.1.0.202305231506/tools/bin/../lib/gcc/arm-none-eabi/11.3.1/../../../../arm-none-eabi/lib/thumb/v7e-m+fp/hard\libc_nano.a(libc_a-signalr.o): in function `_kill_r':
(.text._kill_r+0xe): warning: _kill is not implemented and will always fail
Finished building target: demo_exti_print.elf
 
arm-none-eabi-size   demo_exti_print.elf 
arm-none-eabi-objdump -h -S  demo_exti_print.elf  > "demo_exti_print.list"
   text	   data	    bss	    dec	    hex	filename
   6800	    120	   2080	   9000	   2328	demo_exti_print.elf
Finished building: default.size.stdout
 
Finished building: demo_exti_print.list
 

21:23:03 Build Failed. 1 errors, 6 warnings. (took 1s.915ms)

